../Core/Src/main.c:126:5:main	8	static
../Core/Src/main.c:206:6:SystemClock_Config	88	static
../Core/Src/main.c:253:13:MX_SPI2_Init	8	static
../Core/Src/main.c:293:13:MX_TIM2_Init	40	static
../Core/Src/main.c:338:13:MX_UART4_Init	8	static
../Core/Src/main.c:384:13:MX_DMA_Init	16	static
../Core/Src/main.c:412:13:MX_GPIO_Init	48	static
../Core/Src/main.c:470:6:HAL_UART_RxCpltCallback	16	static
../Core/Src/main.c:516:6:HAL_TIM_PeriodElapsedCallback	16	static
../Core/Src/main.c:531:6:stop_streaming	8	static
../Core/Src/main.c:539:6:start_stream	4	static
../Core/Src/main.c:549:5:generate_ecg_sample	16	static
../Core/Src/main.c:571:6:Error_Handler	4	static,ignoring_inline_asm
