../Core/Src/PanTompkins.c:64:6:PanTompkins_Init	16	static
../Core/Src/PanTompkins.c:108:12:IsLocalPeak	4	static
../Core/Src/PanTompkins.c:113:5:PanTompkins_Process	56	static
../Core/Src/PanTompkins.c:262:13:UpdateRRAverage	32	static
../Core/Src/PanTompkins.c:316:13:UpdateThresholds	16	static
../Core/Src/PanTompkins.c:338:5:showGraphIntegralWindow	32	static
../Core/Src/PanTompkins.c:345:5:showGraphSquared	24	static
../Core/Src/PanTompkins.c:353:5:filter	16	static
../Core/Src/PanTompkins.c:358:5:PanTompkins_GetLastRR	4	static
../Core/Src/PanTompkins.c:365:6:PanTompkins_GetDebugInfo	24	static
../Core/Src/PanTompkins.c:377:6:PanTompkins_ResetRR	8	static
../Core/Src/PanTompkins.c:382:5:LowPassFilter	32	static
../Core/Src/PanTompkins.c:402:5:HighPassFilter	32	static
../Core/Src/PanTompkins.c:420:5:Derivative	24	static
../Core/Src/PanTompkins.c:433:5:MovingWindowIntegral	16	static
