../Core/Src/main.c:136:5:main	8	static
../Core/Src/main.c:187:6:SystemClock_Config	88	static
../Core/Src/main.c:234:13:MX_UART5_Init	8	static
../Core/Src/main.c:265:13:MX_DMA_Init	16	static
../Core/Src/main.c:283:13:MX_GPIO_Init	64	static
../Core/Src/main.c:542:6:fill_tx_block	16	static
../Core/Src/main.c:560:6:send_block_dma	8	static
../Core/Src/main.c:573:6:HAL_UART_RxCpltCallback	16	static
../Core/Src/main.c:613:6:start_streaming	8	static
../Core/Src/main.c:622:6:stop_streaming	8	static
../Core/Src/main.c:628:6:HAL_UART_TxCpltCallback	16	static
../Core/Src/main.c:649:6:Error_Handler	4	static,ignoring_inline_asm
