../Core/Src/main.c:96:5:main	8	static
../Core/Src/main.c:156:6:SystemClock_Config	88	static
../Core/Src/main.c:203:13:MX_UART5_Init	8	static
../Core/Src/main.c:234:13:MX_DMA_Init	16	static
../Core/Src/main.c:252:13:MX_GPIO_Init	64	static
../Core/Src/main.c:514:6:HAL_UART_RxCpltCallback	16	static
../Core/Src/main.c:554:6:start_streaming	8	static
../Core/Src/main.c:573:6:stop_streaming	8	static
../Core/Src/main.c:579:6:HAL_UART_TxCpltCallback	16	static
../Core/Src/main.c:706:6:Error_Handler	4	static,ignoring_inline_asm
