16:38:10 **** Incremental Build of configuration Debug for project projekt_e_nucleuo ****
make -j4 all 
arm-none-eabi-gcc "../Core/Src/main.c" -mcpu=cortex-m4 -std=gnu11 -g3 -DDEBUG -DUSE_HAL_DRIVER -DSTM32G474xx -c -I../Core/Inc -I../Drivers/STM32G4xx_HAL_Driver/Inc -I../Drivers/STM32G4xx_HAL_Driver/Inc/Legacy -I../Drivers/CMSIS/Device/ST/STM32G4xx/Include -I../Drivers/CMSIS/Include -O0 -ffunction-sections -fdata-sections -Wall -fstack-usage -fcyclomatic-complexity -MMD -MP -MF"Core/Src/main.d" -MT"Core/Src/main.o" --specs=nano.specs -mfpu=fpv4-sp-d16 -mfloat-abi=hard -mthumb -o "Core/Src/main.o"
arm-none-eabi-gcc -o "projekt_e_nucleuo.elf" @"objects.list"   -mcpu=cortex-m4 -T"C:\Users\Gluscic\Projekt_ECG\projekt_e_nucleuo\STM32G474RETX_FLASH.ld" --specs=nosys.specs -Wl,-Map="projekt_e_nucleuo.map" -Wl,--gc-sections -static --specs=nano.specs -mfpu=fpv4-sp-d16 -mfloat-abi=hard -mthumb -Wl,--start-group -lc -lm -Wl,--end-group
Finished building target: projekt_e_nucleuo.elf
 
arm-none-eabi-size  projekt_e_nucleuo.elf 
arm-none-eabi-objdump -h -S projekt_e_nucleuo.elf  > "projekt_e_nucleuo.list"
   text	   data	    bss	    dec	    hex	filename
  22328	     16	   2256	  24600	   6018	projekt_e_nucleuo.elf
Finished building: default.size.stdout
 
Finished building: projekt_e_nucleuo.list
 
16:40:04 **** Incremental Build of configuration Debug for project projekt_e_nucleuo ****
make -j4 all 
arm-none-eabi-size  projekt_e_nucleuo.elf 
   text	   data	    bss	    dec	    hex	filename
  22328	     16	   2256	  24600	   6018	projekt_e_nucleuo.elf
Finished building: default.size.stdout
 
16:40:41 **** Incremental Build of configuration Debug for project projekt_e_nucleuo ****
make -j4 all 
arm-none-eabi-size  projekt_e_nucleuo.elf 
   text	   data	    bss	    dec	    hex	filename
  22328	     16	   2256	  24600	   6018	projekt_e_nucleuo.elf
Finished building: default.size.stdout
 
16:44:59 **** Incremental Build of configuration Debug for project projekt_e_nucleuo ****
make -j4 all 
arm-none-eabi-size  projekt_e_nucleuo.elf 
   text	   data	    bss	    dec	    hex	filename
  22328	     16	   2256	  24600	   6018	projekt_e_nucleuo.elf
Finished building: default.size.stdout
 
16:48:58 **** Incremental Build of configuration Debug for project projekt_e_nucleuo ****
make -j4 all 
arm-none-eabi-size  projekt_e_nucleuo.elf 
   text	   data	    bss	    dec	    hex	filename
  22328	     16	   2256	  24600	   6018	projekt_e_nucleuo.elf
Finished building: default.size.stdout
 
10:35:18 **** Build of configuration Debug for project projekt_e_nucleuo ****
make -j4 all 
arm-none-eabi-size  projekt_e_nucleuo.elf 
   text	   data	    bss	    dec	    hex	filename
  22328	     16	   2256	  24600	   6018	projekt_e_nucleuo.elf
Finished building: default.size.stdout
 
10:42:06 **** Incremental Build of configuration Debug for project projekt_e_nucleuo ****
make -j4 all 
arm-none-eabi-size  projekt_e_nucleuo.elf 
   text	   data	    bss	    dec	    hex	filename
  22328	     16	   2256	  24600	   6018	projekt_e_nucleuo.elf
Finished building: default.size.stdout
 
10:52:51 **** Incremental Build of configuration Debug for project projekt_e_nucleuo ****
make -j4 all 
arm-none-eabi-size  projekt_e_nucleuo.elf 
   text	   data	    bss	    dec	    hex	filename
  22328	     16	   2256	  24600	   6018	projekt_e_nucleuo.elf
Finished building: default.size.stdout
 
11:08:10 **** Incremental Build of configuration Debug for project projekt_e_nucleuo ****
make -j4 all 
arm-none-eabi-size  projekt_e_nucleuo.elf 
   text	   data	    bss	    dec	    hex	filename
  22328	     16	   2256	  24600	   6018	projekt_e_nucleuo.elf
Finished building: default.size.stdout
 
11:10:41 **** Incremental Build of configuration Debug for project projekt_e_nucleuo ****
make -j4 all 
arm-none-eabi-size  projekt_e_nucleuo.elf 
   text	   data	    bss	    dec	    hex	filename
  22328	     16	   2256	  24600	   6018	projekt_e_nucleuo.elf
Finished building: default.size.stdout
 
11:11:31 **** Incremental Build of configuration Debug for project projekt_e_nucleuo ****
make -j4 all 
arm-none-eabi-size  projekt_e_nucleuo.elf 
   text	   data	    bss	    dec	    hex	filename
  22328	     16	   2256	  24600	   6018	projekt_e_nucleuo.elf
Finished building: default.size.stdout
 
11:13:13 **** Incremental Build of configuration Debug for project projekt_e_nucleuo ****
make -j4 all 
arm-none-eabi-size  projekt_e_nucleuo.elf 
   text	   data	    bss	    dec	    hex	filename
  22328	     16	   2256	  24600	   6018	projekt_e_nucleuo.elf
Finished building: default.size.stdout
 
11:13:57 **** Incremental Build of configuration Debug for project projekt_e_nucleuo ****
make -j4 all 
arm-none-eabi-size  projekt_e_nucleuo.elf 
   text	   data	    bss	    dec	    hex	filename
  22328	     16	   2256	  24600	   6018	projekt_e_nucleuo.elf
Finished building: default.size.stdout
 
11:15:35 **** Incremental Build of configuration Debug for project projekt_e_nucleuo ****
make -j4 all 
arm-none-eabi-size  projekt_e_nucleuo.elf 
   text	   data	    bss	    dec	    hex	filename
  22328	     16	   2256	  24600	   6018	projekt_e_nucleuo.elf
Finished building: default.size.stdout
 
11:17:42 **** Incremental Build of configuration Debug for project projekt_e_nucleuo ****
make -j4 all 
arm-none-eabi-size  projekt_e_nucleuo.elf 
   text	   data	    bss	    dec	    hex	filename
  22328	     16	   2256	  24600	   6018	projekt_e_nucleuo.elf
Finished building: default.size.stdout
 
11:34:44 **** Incremental Build of configuration Debug for project projekt_e_nucleuo ****
make -j4 all 
arm-none-eabi-size  projekt_e_nucleuo.elf 
   text	   data	    bss	    dec	    hex	filename
  22328	     16	   2256	  24600	   6018	projekt_e_nucleuo.elf
Finished building: default.size.stdout
 
14:55:49 **** Incremental Build of configuration Debug for project projekt_e_nucleuo ****
make -j4 all 
arm-none-eabi-size  projekt_e_nucleuo.elf 
   text	   data	    bss	    dec	    hex	filename
  22328	     16	   2256	  24600	   6018	projekt_e_nucleuo.elf
Finished building: default.size.stdout
 
14:56:13 **** Incremental Build of configuration Debug for project projekt_e_nucleuo ****
make -j4 all 
arm-none-eabi-size  projekt_e_nucleuo.elf 
   text	   data	    bss	    dec	    hex	filename
  22328	     16	   2256	  24600	   6018	projekt_e_nucleuo.elf
Finished building: default.size.stdout
 
15:03:24 **** Incremental Build of configuration Debug for project projekt_e_nucleuo ****
make -j4 all 
arm-none-eabi-size  projekt_e_nucleuo.elf 
   text	   data	    bss	    dec	    hex	filename
  22328	     16	   2256	  24600	   6018	projekt_e_nucleuo.elf
Finished building: default.size.stdout
 
15:08:15 **** Incremental Build of configuration Debug for project projekt_e_nucleuo ****
make -j4 all 
arm-none-eabi-size  projekt_e_nucleuo.elf 
   text	   data	    bss	    dec	    hex	filename
  22328	     16	   2256	  24600	   6018	projekt_e_nucleuo.elf
Finished building: default.size.stdout
 
15:10:26 **** Incremental Build of configuration Debug for project projekt_e_nucleuo ****
make -j4 all 
arm-none-eabi-size  projekt_e_nucleuo.elf 
   text	   data	    bss	    dec	    hex	filename
  22328	     16	   2256	  24600	   6018	projekt_e_nucleuo.elf
Finished building: default.size.stdout
 
15:14:33 **** Incremental Build of configuration Debug for project projekt_e_nucleuo ****
make -j4 all 
arm-none-eabi-size  projekt_e_nucleuo.elf 
   text	   data	    bss	    dec	    hex	filename
  22328	     16	   2256	  24600	   6018	projekt_e_nucleuo.elf
Finished building: default.size.stdout
 
15:14:48 **** Incremental Build of configuration Debug for project projekt_e_nucleuo ****
make -j4 all 
arm-none-eabi-size  projekt_e_nucleuo.elf 
   text	   data	    bss	    dec	    hex	filename
  22328	     16	   2256	  24600	   6018	projekt_e_nucleuo.elf
Finished building: default.size.stdout
 
15:33:38 **** Incremental Build of configuration Debug for project projekt_e_nucleuo ****
make -j4 all 
arm-none-eabi-size  projekt_e_nucleuo.elf 
   text	   data	    bss	    dec	    hex	filename
  22328	     16	   2256	  24600	   6018	projekt_e_nucleuo.elf
Finished building: default.size.stdout
 
15:37:00 **** Incremental Build of configuration Debug for project projekt_e_nucleuo ****
make -j4 all 
arm-none-eabi-size  projekt_e_nucleuo.elf 
   text	   data	    bss	    dec	    hex	filename
  22328	     16	   2256	  24600	   6018	projekt_e_nucleuo.elf
Finished building: default.size.stdout
 
15:39:43 **** Incremental Build of configuration Debug for project projekt_e_nucleuo ****
make -j4 all 
arm-none-eabi-size  projekt_e_nucleuo.elf 
   text	   data	    bss	    dec	    hex	filename
  22328	     16	   2256	  24600	   6018	projekt_e_nucleuo.elf
Finished building: default.size.stdout
 
14:01:53 **** Incremental Build of configuration Debug for project projekt_e_nucleuo ****
make -j4 all 
arm-none-eabi-gcc "../Core/Src/main.c" -mcpu=cortex-m4 -std=gnu11 -g3 -DDEBUG -DUSE_HAL_DRIVER -DSTM32G474xx -c -I../Core/Inc -I../Drivers/STM32G4xx_HAL_Driver/Inc -I../Drivers/STM32G4xx_HAL_Driver/Inc/Legacy -I../Drivers/CMSIS/Device/ST/STM32G4xx/Include -I../Drivers/CMSIS/Include -O0 -ffunction-sections -fdata-sections -Wall -fstack-usage -fcyclomatic-complexity -MMD -MP -MF"Core/Src/main.d" -MT"Core/Src/main.o" --specs=nano.specs -mfpu=fpv4-sp-d16 -mfloat-abi=hard -mthumb -o "Core/Src/main.o"
arm-none-eabi-gcc -o "projekt_e_nucleuo.elf" @"objects.list"   -mcpu=cortex-m4 -T"C:\Users\Gluscic\Projekt_ECG\projekt_e_nucleuo\STM32G474RETX_FLASH.ld" --specs=nosys.specs -Wl,-Map="projekt_e_nucleuo.map" -Wl,--gc-sections -static --specs=nano.specs -mfpu=fpv4-sp-d16 -mfloat-abi=hard -mthumb -Wl,--start-group -lc -lm -Wl,--end-group
Finished building target: projekt_e_nucleuo.elf
 
arm-none-eabi-size  projekt_e_nucleuo.elf 
arm-none-eabi-objdump -h -S projekt_e_nucleuo.elf  > "projekt_e_nucleuo.list"
   text	   data	    bss	    dec	    hex	filename
  22288	     16	   2248	  24552	   5fe8	projekt_e_nucleuo.elf
Finished building: default.size.stdout
 
Finished building: projekt_e_nucleuo.list
 
14:04:51 **** Incremental Build of configuration Debug for project projekt_e_nucleuo ****
make -j4 all 
arm-none-eabi-size  projekt_e_nucleuo.elf 
   text	   data	    bss	    dec	    hex	filename
  22288	     16	   2248	  24552	   5fe8	projekt_e_nucleuo.elf
Finished building: default.size.stdout
 
14:06:59 **** Incremental Build of configuration Debug for project projekt_e_nucleuo ****
make -j4 all 
arm-none-eabi-size  projekt_e_nucleuo.elf 
   text	   data	    bss	    dec	    hex	filename
  22288	     16	   2248	  24552	   5fe8	projekt_e_nucleuo.elf
Finished building: default.size.stdout
 
14:11:45 **** Incremental Build of configuration Debug for project projekt_e_nucleuo ****
make -j4 all 
arm-none-eabi-size  projekt_e_nucleuo.elf 
   text	   data	    bss	    dec	    hex	filename
  22288	     16	   2248	  24552	   5fe8	projekt_e_nucleuo.elf
Finished building: default.size.stdout
 
14:31:49 **** Incremental Build of configuration Debug for project projekt_e_nucleuo ****
make -j4 all 
arm-none-eabi-gcc "../Core/Src/main.c" -mcpu=cortex-m4 -std=gnu11 -g3 -DDEBUG -DUSE_HAL_DRIVER -DSTM32G474xx -c -I../Core/Inc -I../Drivers/STM32G4xx_HAL_Driver/Inc -I../Drivers/STM32G4xx_HAL_Driver/Inc/Legacy -I../Drivers/CMSIS/Device/ST/STM32G4xx/Include -I../Drivers/CMSIS/Include -O0 -ffunction-sections -fdata-sections -Wall -fstack-usage -fcyclomatic-complexity -MMD -MP -MF"Core/Src/main.d" -MT"Core/Src/main.o" --specs=nano.specs -mfpu=fpv4-sp-d16 -mfloat-abi=hard -mthumb -o "Core/Src/main.o"
arm-none-eabi-gcc -o "projekt_e_nucleuo.elf" @"objects.list"   -mcpu=cortex-m4 -T"C:\Users\Gluscic\Projekt_ECG\projekt_e_nucleuo\STM32G474RETX_FLASH.ld" --specs=nosys.specs -Wl,-Map="projekt_e_nucleuo.map" -Wl,--gc-sections -static --specs=nano.specs -mfpu=fpv4-sp-d16 -mfloat-abi=hard -mthumb -Wl,--start-group -lc -lm -Wl,--end-group
Finished building target: projekt_e_nucleuo.elf
 
arm-none-eabi-size  projekt_e_nucleuo.elf 
arm-none-eabi-objdump -h -S projekt_e_nucleuo.elf  > "projekt_e_nucleuo.list"
   text	   data	    bss	    dec	    hex	filename
  22316	     16	   2248	  24580	   6004	projekt_e_nucleuo.elf
Finished building: default.size.stdout
 
Finished building: projekt_e_nucleuo.list
 
14:35:39 **** Incremental Build of configuration Debug for project projekt_e_nucleuo ****
make -j4 all 
arm-none-eabi-gcc "../Core/Src/main.c" -mcpu=cortex-m4 -std=gnu11 -g3 -DDEBUG -DUSE_HAL_DRIVER -DSTM32G474xx -c -I../Core/Inc -I../Drivers/STM32G4xx_HAL_Driver/Inc -I../Drivers/STM32G4xx_HAL_Driver/Inc/Legacy -I../Drivers/CMSIS/Device/ST/STM32G4xx/Include -I../Drivers/CMSIS/Include -O0 -ffunction-sections -fdata-sections -Wall -fstack-usage -fcyclomatic-complexity -MMD -MP -MF"Core/Src/main.d" -MT"Core/Src/main.o" --specs=nano.specs -mfpu=fpv4-sp-d16 -mfloat-abi=hard -mthumb -o "Core/Src/main.o"
../Core/Src/main.c: In function 'HAL_UART_RxCpltCallback':
../Core/Src/main.c:394:17: error: 'HAL_' undeclared (first use in this function); did you mean 'HAL_OK'?
  394 |                 HAL_
      |                 ^~~~
      |                 HAL_OK
../Core/Src/main.c:394:17: note: each undeclared identifier is reported only once for each function it appears in
../Core/Src/main.c:394:21: error: expected ';' before '}' token
  394 |                 HAL_
      |                     ^
      |                     ;
  395 |             }
      |             ~        
make: *** [Core/Src/subdir.mk:34: Core/Src/main.o] Error 1
"make -j4 all" terminated with exit code 2. Build might be incomplete.
14:36:00 **** Incremental Build of configuration Debug for project projekt_e_nucleuo ****
make -j4 all 
arm-none-eabi-gcc "../Core/Src/main.c" -mcpu=cortex-m4 -std=gnu11 -g3 -DDEBUG -DUSE_HAL_DRIVER -DSTM32G474xx -c -I../Core/Inc -I../Drivers/STM32G4xx_HAL_Driver/Inc -I../Drivers/STM32G4xx_HAL_Driver/Inc/Legacy -I../Drivers/CMSIS/Device/ST/STM32G4xx/Include -I../Drivers/CMSIS/Include -O0 -ffunction-sections -fdata-sections -Wall -fstack-usage -fcyclomatic-complexity -MMD -MP -MF"Core/Src/main.d" -MT"Core/Src/main.o" --specs=nano.specs -mfpu=fpv4-sp-d16 -mfloat-abi=hard -mthumb -o "Core/Src/main.o"
arm-none-eabi-gcc -o "projekt_e_nucleuo.elf" @"objects.list"   -mcpu=cortex-m4 -T"C:\Users\Gluscic\Projekt_ECG\projekt_e_nucleuo\STM32G474RETX_FLASH.ld" --specs=nosys.specs -Wl,-Map="projekt_e_nucleuo.map" -Wl,--gc-sections -static --specs=nano.specs -mfpu=fpv4-sp-d16 -mfloat-abi=hard -mthumb -Wl,--start-group -lc -lm -Wl,--end-group
Finished building target: projekt_e_nucleuo.elf
 
arm-none-eabi-size  projekt_e_nucleuo.elf 
arm-none-eabi-objdump -h -S projekt_e_nucleuo.elf  > "projekt_e_nucleuo.list"
   text	   data	    bss	    dec	    hex	filename
  22316	     16	   2248	  24580	   6004	projekt_e_nucleuo.elf
Finished building: default.size.stdout
 
Finished building: projekt_e_nucleuo.list
 
14:43:57 **** Incremental Build of configuration Debug for project projekt_e_nucleuo ****
make -j4 all 
arm-none-eabi-size  projekt_e_nucleuo.elf 
   text	   data	    bss	    dec	    hex	filename
  22316	     16	   2248	  24580	   6004	projekt_e_nucleuo.elf
Finished building: default.size.stdout
 
14:54:26 **** Incremental Build of configuration Debug for project projekt_e_nucleuo ****
make -j4 all 
arm-none-eabi-size  projekt_e_nucleuo.elf 
   text	   data	    bss	    dec	    hex	filename
  22316	     16	   2248	  24580	   6004	projekt_e_nucleuo.elf
Finished building: default.size.stdout
 
14:57:55 **** Incremental Build of configuration Debug for project projekt_e_nucleuo ****
make -j4 all 
arm-none-eabi-size  projekt_e_nucleuo.elf 
   text	   data	    bss	    dec	    hex	filename
  22316	     16	   2248	  24580	   6004	projekt_e_nucleuo.elf
Finished building: default.size.stdout
 
15:01:53 **** Incremental Build of configuration Debug for project projekt_e_nucleuo ****
make -j4 all 
arm-none-eabi-size  projekt_e_nucleuo.elf 
   text	   data	    bss	    dec	    hex	filename
  22316	     16	   2248	  24580	   6004	projekt_e_nucleuo.elf
Finished building: default.size.stdout
 
15:05:52 **** Incremental Build of configuration Debug for project projekt_e_nucleuo ****
make -j4 all 
arm-none-eabi-size  projekt_e_nucleuo.elf 
   text	   data	    bss	    dec	    hex	filename
  22316	     16	   2248	  24580	   6004	projekt_e_nucleuo.elf
Finished building: default.size.stdout
 
15:06:57 **** Incremental Build of configuration Debug for project projekt_e_nucleuo ****
make -j4 all 
arm-none-eabi-size  projekt_e_nucleuo.elf 
   text	   data	    bss	    dec	    hex	filename
  22316	     16	   2248	  24580	   6004	projekt_e_nucleuo.elf
Finished building: default.size.stdout
 
