21:16:50 **** Incremental Build of configuration Debug for project projekt_e_nucleuo ****
make -j4 all 
arm-none-eabi-gcc "../Core/Src/main.c" -mcpu=cortex-m4 -std=gnu11 -g3 -DDEBUG -DUSE_HAL_DRIVER -DSTM32G474xx -c -I../Core/Inc -I../Drivers/STM32G4xx_HAL_Driver/Inc -I../Drivers/STM32G4xx_HAL_Driver/Inc/Legacy -I../Drivers/CMSIS/Device/ST/STM32G4xx/Include -I../Drivers/CMSIS/Include -O0 -ffunction-sections -fdata-sections -Wall -fstack-usage -fcyclomatic-complexity -MMD -MP -MF"Core/Src/main.d" -MT"Core/Src/main.o" --specs=nano.specs -mfpu=fpv4-sp-d16 -mfloat-abi=hard -mthumb -o "Core/Src/main.o"
arm-none-eabi-gcc -o "projekt_e_nucleuo.elf" @"objects.list"   -mcpu=cortex-m4 -T"C:\Users\Gluscic\Projekt_ECG\projekt_e_nucleuo\STM32G474RETX_FLASH.ld" --specs=nosys.specs -Wl,-Map="projekt_e_nucleuo.map" -Wl,--gc-sections -static --specs=nano.specs -mfpu=fpv4-sp-d16 -mfloat-abi=hard -mthumb -Wl,--start-group -lc -lm -Wl,--end-group
Finished building target: projekt_e_nucleuo.elf
 
arm-none-eabi-size  projekt_e_nucleuo.elf 
arm-none-eabi-objdump -h -S projekt_e_nucleuo.elf  > "projekt_e_nucleuo.list"
   text	   data	    bss	    dec	    hex	filename
  29424	     16	   2264	  31704	   7bd8	projekt_e_nucleuo.elf
Finished building: default.size.stdout
 
Finished building: projekt_e_nucleuo.list
 

21:16:51 Build Finished. 0 errors, 0 warnings. (took 1s.312ms)

